2026-05-20 21:21:54 [background-preinit] INFO  o.h.validator.internal.util.Version - HV000001: Hibernate Validator 8.0.3.Final
2026-05-20 21:21:54 [restartedMain] INFO  c.m.l.LostFoundSystemApplication - Starting LostFoundSystemApplication using Java 23.0.2 with PID 16368 (C:\Users\saura\OneDrive\Desktop\Lost and Found System\Backend\target\classes started by saura in C:\Users\saura\OneDrive\Desktop\Lost and Found System\Backend)
2026-05-20 21:21:54 [restartedMain] DEBUG c.m.l.LostFoundSystemApplication - Running with Spring Boot v3.5.11, Spring v6.2.16
2026-05-20 21:21:54 [restartedMain] INFO  c.m.l.LostFoundSystemApplication - No active profile set, falling back to 1 default profile: "default"
2026-05-20 21:21:54 [restartedMain] INFO  o.s.b.d.e.DevToolsPropertyDefaultsPostProcessor - Devtools property defaults active! Set 'spring.devtools.add-properties' to 'false' to disable
2026-05-20 21:21:54 [restartedMain] INFO  o.s.b.d.e.DevToolsPropertyDefaultsPostProcessor - For additional web related logging consider setting the 'logging.level.web' property to 'DEBUG'
2026-05-20 21:21:55 [restartedMain] INFO  o.s.d.r.c.RepositoryConfigurationDelegate - Bootstrapping Spring Data JPA repositories in DEFAULT mode.
2026-05-20 21:21:55 [restartedMain] INFO  o.s.d.r.c.RepositoryConfigurationDelegate - Finished Spring Data repository scanning in 61 ms. Found 2 JPA repository interfaces.
2026-05-20 21:21:55 [restartedMain] INFO  o.s.b.w.e.tomcat.TomcatWebServer - Tomcat initialized with port 8080 (http)
2026-05-20 21:21:55 [restartedMain] INFO  o.a.coyote.http11.Http11NioProtocol - Initializing ProtocolHandler ["http-nio-8080"]
2026-05-20 21:21:55 [restartedMain] INFO  o.a.catalina.core.StandardService - Starting service [Tomcat]
2026-05-20 21:21:55 [restartedMain] INFO  o.a.catalina.core.StandardEngine - Starting Servlet engine: [Apache Tomcat/10.1.52]
2026-05-20 21:21:55 [restartedMain] INFO  o.a.c.c.C.[Tomcat].[localhost].[/] - Initializing Spring embedded WebApplicationContext
2026-05-20 21:21:55 [restartedMain] INFO  o.s.b.w.s.c.ServletWebServerApplicationContext - Root WebApplicationContext: initialization completed in 1465 ms
2026-05-20 21:21:56 [restartedMain] INFO  o.h.jpa.internal.util.LogHelper - HHH000204: Processing PersistenceUnitInfo [name: default]
2026-05-20 21:21:56 [restartedMain] INFO  org.hibernate.Version - HHH000412: Hibernate ORM core version 6.6.42.Final
2026-05-20 21:21:56 [restartedMain] INFO  o.h.c.i.RegionFactoryInitiator - HHH000026: Second-level cache disabled
2026-05-20 21:21:56 [restartedMain] INFO  o.s.o.j.p.SpringPersistenceUnitInfo - No LoadTimeWeaver setup: ignoring JPA class transformer
2026-05-20 21:21:56 [restartedMain] INFO  com.zaxxer.hikari.HikariDataSource - HikariPool-1 - Starting...
2026-05-20 21:21:57 [restartedMain] WARN  o.h.e.jdbc.spi.SqlExceptionHelper - SQL Error: 0, SQLState: 08001
2026-05-20 21:21:57 [restartedMain] ERROR o.h.e.jdbc.spi.SqlExceptionHelper - Public Key Retrieval is not allowed
2026-05-20 21:21:57 [restartedMain] WARN  o.h.e.j.e.i.JdbcEnvironmentInitiator - HHH000342: Could not obtain connection to query metadata
org.hibernate.exception.JDBCConnectionException: unable to obtain isolated JDBC connection [Public Key Retrieval is not allowed] [n/a]
	at org.hibernate.exception.internal.SQLStateConversionDelegate.convert(SQLStateConversionDelegate.java:100)
	at org.hibernate.exception.internal.StandardSQLExceptionConverter.convert(StandardSQLExceptionConverter.java:58)
	at org.hibernate.engine.jdbc.spi.SqlExceptionHelper.convert(SqlExceptionHelper.java:108)
	at org.hibernate.engine.jdbc.spi.SqlExceptionHelper.convert(SqlExceptionHelper.java:94)
	at org.hibernate.resource.transaction.backend.jdbc.internal.JdbcIsolationDelegate.delegateWork(JdbcIsolationDelegate.java:116)
	at org.hibernate.engine.jdbc.env.internal.JdbcEnvironmentInitiator.getJdbcEnvironmentUsingJdbcMetadata(JdbcEnvironmentInitiator.java:334)
	at org.hibernate.engine.jdbc.env.internal.JdbcEnvironmentInitiator.initiateService(JdbcEnvironmentInitiator.java:129)
	at org.hibernate.engine.jdbc.env.internal.JdbcEnvironmentInitiator.initiateService(JdbcEnvironmentInitiator.java:81)
	at org.hibernate.boot.registry.internal.StandardServiceRegistryImpl.initiateService(StandardServiceRegistryImpl.java:130)
	at org.hibernate.service.internal.AbstractServiceRegistryImpl.createService(AbstractServiceRegistryImpl.java:263)
	at org.hibernate.service.internal.AbstractServiceRegistryImpl.initializeService(AbstractServiceRegistryImpl.java:238)
	at org.hibernate.service.internal.AbstractServiceRegistryImpl.getService(AbstractServiceRegistryImpl.java:215)
	at org.hibernate.boot.model.relational.Database.<init>(Database.java:45)
	at org.hibernate.boot.internal.InFlightMetadataCollectorImpl.getDatabase(InFlightMetadataCollectorImpl.java:226)
	at org.hibernate.boot.internal.InFlightMetadataCollectorImpl.<init>(InFlightMetadataCollectorImpl.java:194)
	at org.hibernate.boot.model.process.spi.MetadataBuildingProcess.complete(MetadataBuildingProcess.java:171)
	at org.hibernate.jpa.boot.internal.EntityManagerFactoryBuilderImpl.metadata(EntityManagerFactoryBuilderImpl.java:1442)
	at org.hibernate.jpa.boot.internal.EntityManagerFactoryBuilderImpl.build(EntityManagerFactoryBuilderImpl.java:1513)
	at org.springframework.orm.jpa.vendor.SpringHibernateJpaPersistenceProvider.createContainerEntityManagerFactory(SpringHibernateJpaPersistenceProvider.java:66)
	at org.springframework.orm.jpa.LocalContainerEntityManagerFactoryBean.createNativeEntityManagerFactory(LocalContainerEntityManagerFactoryBean.java:388)
	at org.springframework.orm.jpa.AbstractEntityManagerFactoryBean.buildNativeEntityManagerFactory(AbstractEntityManagerFactoryBean.java:419)
	at org.springframework.orm.jpa.AbstractEntityManagerFactoryBean.afterPropertiesSet(AbstractEntityManagerFactoryBean.java:400)
	at org.springframework.orm.jpa.LocalContainerEntityManagerFactoryBean.afterPropertiesSet(LocalContainerEntityManagerFactoryBean.java:364)
	at org.springframework.beans.factory.support.AbstractAutowireCapableBeanFactory.invokeInitMethods(AbstractAutowireCapableBeanFactory.java:1873)
	at org.springframework.beans.factory.support.AbstractAutowireCapableBeanFactory.initializeBean(AbstractAutowireCapableBeanFactory.java:1822)
	at org.springframework.beans.factory.support.AbstractAutowireCapableBeanFactory.doCreateBean(AbstractAutowireCapableBeanFactory.java:607)
	at org.springframework.beans.factory.support.AbstractAutowireCapableBeanFactory.createBean(AbstractAutowireCapableBeanFactory.java:529)
	at org.springframework.beans.factory.support.AbstractBeanFactory.lambda$doGetBean$0(AbstractBeanFactory.java:339)
	at org.springframework.beans.factory.support.DefaultSingletonBeanRegistry.getSingleton(DefaultSingletonBeanRegistry.java:373)
	at org.springframework.beans.factory.support.AbstractBeanFactory.doGetBean(AbstractBeanFactory.java:337)
	at org.springframework.beans.factory.support.AbstractBeanFactory.getBean(AbstractBeanFactory.java:207)
	at org.springframework.context.support.AbstractApplicationContext.finishBeanFactoryInitialization(AbstractApplicationContext.java:974)
	at org.springframework.context.support.AbstractApplicationContext.refresh(AbstractApplicationContext.java:628)
	at org.springframework.boot.web.servlet.context.ServletWebServerApplicationContext.refresh(ServletWebServerApplicationContext.java:146)
	at org.springframework.boot.SpringApplication.refresh(SpringApplication.java:752)
	at org.springframework.boot.SpringApplication.refreshContext(SpringApplication.java:439)
	at org.springframework.boot.SpringApplication.run(SpringApplication.java:318)
	at org.springframework.boot.SpringApplication.run(SpringApplication.java:1361)
	at org.springframework.boot.SpringApplication.run(SpringApplication.java:1350)
	at com.my.lostfound.LostFoundSystemApplication.main(LostFoundSystemApplication.java:10)
	at java.base/jdk.internal.reflect.DirectMethodHandleAccessor.invoke(DirectMethodHandleAccessor.java:103)
	at java.base/java.lang.reflect.Method.invoke(Method.java:580)
	at org.springframework.boot.devtools.restart.RestartLauncher.run(RestartLauncher.java:50)
Caused by: java.sql.SQLNonTransientConnectionException: Public Key Retrieval is not allowed
	at com.mysql.cj.jdbc.exceptions.SQLError.createSQLException(SQLError.java:102)
	at com.mysql.cj.jdbc.exceptions.SQLExceptionsMapping.translateException(SQLExceptionsMapping.java:114)
	at com.mysql.cj.jdbc.ConnectionImpl.createNewIO(ConnectionImpl.java:840)
	at com.mysql.cj.jdbc.ConnectionImpl.<init>(ConnectionImpl.java:416)
	at com.mysql.cj.jdbc.ConnectionImpl.getInstance(ConnectionImpl.java:237)
	at com.mysql.cj.jdbc.NonRegisteringDriver.connect(NonRegisteringDriver.java:180)
	at com.zaxxer.hikari.util.DriverDataSource.getConnection(DriverDataSource.java:144)
	at com.zaxxer.hikari.pool.PoolBase.newConnection(PoolBase.java:370)
	at com.zaxxer.hikari.pool.PoolBase.newPoolEntry(PoolBase.java:207)
	at com.zaxxer.hikari.pool.HikariPool.createPoolEntry(HikariPool.java:488)
	at com.zaxxer.hikari.pool.HikariPool.checkFailFast(HikariPool.java:576)
	at com.zaxxer.hikari.pool.HikariPool.<init>(HikariPool.java:97)
	at com.zaxxer.hikari.HikariDataSource.getConnection(HikariDataSource.java:111)
	at org.hibernate.engine.jdbc.connections.internal.DatasourceConnectionProviderImpl.getConnection(DatasourceConnectionProviderImpl.java:126)
	at org.hibernate.engine.jdbc.env.internal.JdbcEnvironmentInitiator$ConnectionProviderJdbcConnectionAccess.obtainConnection(JdbcEnvironmentInitiator.java:485)
	at org.hibernate.resource.transaction.backend.jdbc.internal.JdbcIsolationDelegate.delegateWork(JdbcIsolationDelegate.java:61)
	... 38 common frames omitted
Caused by: com.mysql.cj.exceptions.UnableToConnectException: Public Key Retrieval is not allowed
	at java.base/jdk.internal.reflect.DirectConstructorHandleAccessor.newInstance(DirectConstructorHandleAccessor.java:62)
	at java.base/java.lang.reflect.Constructor.newInstanceWithCaller(Constructor.java:501)
	at java.base/java.lang.reflect.Constructor.newInstance(Constructor.java:485)
	at com.mysql.cj.exceptions.ExceptionFactory.createException(ExceptionFactory.java:52)
	at com.mysql.cj.exceptions.ExceptionFactory.createException(ExceptionFactory.java:76)
	at com.mysql.cj.protocol.a.authentication.CachingSha2PasswordPlugin.nextAuthenticationStep(CachingSha2PasswordPlugin.java:122)
	at com.mysql.cj.protocol.a.authentication.CachingSha2PasswordPlugin.nextAuthenticationStep(CachingSha2PasswordPlugin.java:40)
	at com.mysql.cj.protocol.a.NativeAuthenticationProvider.proceedHandshakeWithPluggableAuthentication(NativeAuthenticationProvider.java:436)
	at com.mysql.cj.protocol.a.NativeAuthenticationProvider.connect(NativeAuthenticationProvider.java:206)
	at com.mysql.cj.protocol.a.NativeProtocol.connect(NativeProtocol.java:1334)
	at com.mysql.cj.NativeSession.connect(NativeSession.java:155)
	at com.mysql.cj.jdbc.ConnectionImpl.connectOneTryOnly(ConnectionImpl.java:964)
	at com.mysql.cj.jdbc.ConnectionImpl.createNewIO(ConnectionImpl.java:828)
	... 51 common frames omitted
2026-05-20 21:21:57 [restartedMain] WARN  org.hibernate.orm.deprecation - HHH90000025: MySQL8Dialect does not need to be specified explicitly using 'hibernate.dialect' (remove the property setting and it will be selected by default)
2026-05-20 21:21:57 [restartedMain] WARN  org.hibernate.orm.deprecation - HHH90000026: MySQL8Dialect has been deprecated; use org.hibernate.dialect.MySQLDialect instead
2026-05-20 21:21:57 [restartedMain] INFO  o.hibernate.orm.connections.pooling - HHH10001005: Database info:
	Database JDBC URL [Connecting through datasource 'HikariDataSource (null)']
	Database driver: undefined/unknown
	Database version: 8.0
	Autocommit mode: undefined/unknown
	Isolation level: undefined/unknown
	Minimum pool size: undefined/unknown
	Maximum pool size: undefined/unknown
2026-05-20 21:21:59 [restartedMain] INFO  o.h.e.t.j.p.i.JtaPlatformInitiator - HHH000489: No JTA platform available (set 'hibernate.transaction.jta.platform' to enable JTA platform integration)
2026-05-20 21:21:59 [restartedMain] INFO  com.zaxxer.hikari.HikariDataSource - HikariPool-1 - Starting...
2026-05-20 21:22:00 [restartedMain] WARN  o.h.e.jdbc.spi.SqlExceptionHelper - SQL Error: 0, SQLState: 08001
2026-05-20 21:22:00 [restartedMain] ERROR o.h.e.jdbc.spi.SqlExceptionHelper - Public Key Retrieval is not allowed
2026-05-20 21:22:00 [restartedMain] ERROR o.s.o.j.LocalContainerEntityManagerFactoryBean - Failed to initialize JPA EntityManagerFactory: [PersistenceUnit: default] Unable to build Hibernate SessionFactory; nested exception is org.hibernate.exception.JDBCConnectionException: Unable to open JDBC Connection for DDL execution [Public Key Retrieval is not allowed] [n/a]
2026-05-20 21:22:00 [restartedMain] WARN  o.s.b.w.s.c.AnnotationConfigServletWebServerApplicationContext - Exception encountered during context initialization - cancelling refresh attempt: org.springframework.beans.factory.BeanCreationException: Error creating bean with name 'entityManagerFactory' defined in class path resource [org/springframework/boot/autoconfigure/orm/jpa/HibernateJpaConfiguration.class]: [PersistenceUnit: default] Unable to build Hibernate SessionFactory; nested exception is org.hibernate.exception.JDBCConnectionException: Unable to open JDBC Connection for DDL execution [Public Key Retrieval is not allowed] [n/a]
2026-05-20 21:22:00 [restartedMain] INFO  o.a.catalina.core.StandardService - Stopping service [Tomcat]
2026-05-20 21:22:00 [restartedMain] INFO  o.s.b.a.l.ConditionEvaluationReportLogger - 

Error starting ApplicationContext. To display the condition evaluation report re-run your application with 'debug' enabled.
2026-05-20 21:22:00 [restartedMain] ERROR o.s.boot.SpringApplication - Application run failed
org.springframework.beans.factory.BeanCreationException: Error creating bean with name 'entityManagerFactory' defined in class path resource [org/springframework/boot/autoconfigure/orm/jpa/HibernateJpaConfiguration.class]: [PersistenceUnit: default] Unable to build Hibernate SessionFactory; nested exception is org.hibernate.exception.JDBCConnectionException: Unable to open JDBC Connection for DDL execution [Public Key Retrieval is not allowed] [n/a]
	at org.springframework.beans.factory.support.AbstractAutowireCapableBeanFactory.initializeBean(AbstractAutowireCapableBeanFactory.java:1826)
	at org.springframework.beans.factory.support.AbstractAutowireCapableBeanFactory.doCreateBean(AbstractAutowireCapableBeanFactory.java:607)
	at org.springframework.beans.factory.support.AbstractAutowireCapableBeanFactory.createBean(AbstractAutowireCapableBeanFactory.java:529)
	at org.springframework.beans.factory.support.AbstractBeanFactory.lambda$doGetBean$0(AbstractBeanFactory.java:339)
	at org.springframework.beans.factory.support.DefaultSingletonBeanRegistry.getSingleton(DefaultSingletonBeanRegistry.java:373)
	at org.springframework.beans.factory.support.AbstractBeanFactory.doGetBean(AbstractBeanFactory.java:337)
	at org.springframework.beans.factory.support.AbstractBeanFactory.getBean(AbstractBeanFactory.java:207)
	at org.springframework.context.support.AbstractApplicationContext.finishBeanFactoryInitialization(AbstractApplicationContext.java:974)
	at org.springframework.context.support.AbstractApplicationContext.refresh(AbstractApplicationContext.java:628)
	at org.springframework.boot.web.servlet.context.ServletWebServerApplicationContext.refresh(ServletWebServerApplicationContext.java:146)
	at org.springframework.boot.SpringApplication.refresh(SpringApplication.java:752)
	at org.springframework.boot.SpringApplication.refreshContext(SpringApplication.java:439)
	at org.springframework.boot.SpringApplication.run(SpringApplication.java:318)
	at org.springframework.boot.SpringApplication.run(SpringApplication.java:1361)
	at org.springframework.boot.SpringApplication.run(SpringApplication.java:1350)
	at com.my.lostfound.LostFoundSystemApplication.main(LostFoundSystemApplication.java:10)
	at java.base/jdk.internal.reflect.DirectMethodHandleAccessor.invoke(DirectMethodHandleAccessor.java:103)
	at java.base/java.lang.reflect.Method.invoke(Method.java:580)
	at org.springframework.boot.devtools.restart.RestartLauncher.run(RestartLauncher.java:50)
Caused by: jakarta.persistence.PersistenceException: [PersistenceUnit: default] Unable to build Hibernate SessionFactory; nested exception is org.hibernate.exception.JDBCConnectionException: Unable to open JDBC Connection for DDL execution [Public Key Retrieval is not allowed] [n/a]
	at org.springframework.orm.jpa.AbstractEntityManagerFactoryBean.buildNativeEntityManagerFactory(AbstractEntityManagerFactoryBean.java:431)
	at org.springframework.orm.jpa.AbstractEntityManagerFactoryBean.afterPropertiesSet(AbstractEntityManagerFactoryBean.java:400)
	at org.springframework.orm.jpa.LocalContainerEntityManagerFactoryBean.afterPropertiesSet(LocalContainerEntityManagerFactoryBean.java:364)
	at org.springframework.beans.factory.support.AbstractAutowireCapableBeanFactory.invokeInitMethods(AbstractAutowireCapableBeanFactory.java:1873)
	at org.springframework.beans.factory.support.AbstractAutowireCapableBeanFactory.initializeBean(AbstractAutowireCapableBeanFactory.java:1822)
	... 18 common frames omitted
Caused by: org.hibernate.exception.JDBCConnectionException: Unable to open JDBC Connection for DDL execution [Public Key Retrieval is not allowed] [n/a]
	at org.hibernate.exception.internal.SQLExceptionTypeDelegate.convert(SQLExceptionTypeDelegate.java:51)
	at org.hibernate.exception.internal.StandardSQLExceptionConverter.convert(StandardSQLExceptionConverter.java:58)
	at org.hibernate.engine.jdbc.spi.SqlExceptionHelper.convert(SqlExceptionHelper.java:108)
	at org.hibernate.engine.jdbc.spi.SqlExceptionHelper.convert(SqlExceptionHelper.java:94)
	at org.hibernate.resource.transaction.backend.jdbc.internal.DdlTransactionIsolatorNonJtaImpl.getIsolatedConnection(DdlTransactionIsolatorNonJtaImpl.java:74)
	at org.hibernate.resource.transaction.backend.jdbc.internal.DdlTransactionIsolatorNonJtaImpl.getIsolatedConnection(DdlTransactionIsolatorNonJtaImpl.java:39)
	at org.hibernate.tool.schema.internal.exec.ImprovedExtractionContextImpl.getJdbcConnection(ImprovedExtractionContextImpl.java:63)
	at org.hibernate.tool.schema.internal.exec.ImprovedExtractionContextImpl.getJdbcDatabaseMetaData(ImprovedExtractionContextImpl.java:70)
	at org.hibernate.tool.schema.extract.internal.InformationExtractorJdbcDatabaseMetaDataImpl.processTableResultSet(InformationExtractorJdbcDatabaseMetaDataImpl.java:65)
	at org.hibernate.tool.schema.extract.internal.AbstractInformationExtractorImpl.getTables(AbstractInformationExtractorImpl.java:570)
	at org.hibernate.tool.schema.extract.internal.DatabaseInformationImpl.getTablesInformation(DatabaseInformationImpl.java:122)
	at org.hibernate.tool.schema.internal.GroupedSchemaMigratorImpl.performTablesMigration(GroupedSchemaMigratorImpl.java:72)
	at org.hibernate.tool.schema.internal.AbstractSchemaMigrator.performMigration(AbstractSchemaMigrator.java:233)
	at org.hibernate.tool.schema.internal.AbstractSchemaMigrator.doMigration(AbstractSchemaMigrator.java:112)
	at org.hibernate.tool.schema.spi.SchemaManagementToolCoordinator.performDatabaseAction(SchemaManagementToolCoordinator.java:280)
	at org.hibernate.tool.schema.spi.SchemaManagementToolCoordinator.lambda$process$5(SchemaManagementToolCoordinator.java:144)
	at java.base/java.util.HashMap.forEach(HashMap.java:1430)
	at org.hibernate.tool.schema.spi.SchemaManagementToolCoordinator.process(SchemaManagementToolCoordinator.java:141)
	at org.hibernate.boot.internal.SessionFactoryObserverForSchemaExport.sessionFactoryCreated(SessionFactoryObserverForSchemaExport.java:37)
	at org.hibernate.internal.SessionFactoryObserverChain.sessionFactoryCreated(SessionFactoryObserverChain.java:35)
	at org.hibernate.internal.SessionFactoryImpl.<init>(SessionFactoryImpl.java:324)
	at org.hibernate.boot.internal.SessionFactoryBuilderImpl.build(SessionFactoryBuilderImpl.java:463)
	at org.hibernate.jpa.boot.internal.EntityManagerFactoryBuilderImpl.build(EntityManagerFactoryBuilderImpl.java:1517)
	at org.springframework.orm.jpa.vendor.SpringHibernateJpaPersistenceProvider.createContainerEntityManagerFactory(SpringHibernateJpaPersistenceProvider.java:66)
	at org.springframework.orm.jpa.LocalContainerEntityManagerFactoryBean.createNativeEntityManagerFactory(LocalContainerEntityManagerFactoryBean.java:388)
	at org.springframework.orm.jpa.AbstractEntityManagerFactoryBean.buildNativeEntityManagerFactory(AbstractEntityManagerFactoryBean.java:419)
	... 22 common frames omitted
Caused by: java.sql.SQLNonTransientConnectionException: Public Key Retrieval is not allowed
	at com.mysql.cj.jdbc.exceptions.SQLError.createSQLException(SQLError.java:102)
	at com.mysql.cj.jdbc.exceptions.SQLExceptionsMapping.translateException(SQLExceptionsMapping.java:114)
	at com.mysql.cj.jdbc.ConnectionImpl.createNewIO(ConnectionImpl.java:840)
	at com.mysql.cj.jdbc.ConnectionImpl.<init>(ConnectionImpl.java:416)
	at com.mysql.cj.jdbc.ConnectionImpl.getInstance(ConnectionImpl.java:237)
	at com.mysql.cj.jdbc.NonRegisteringDriver.connect(NonRegisteringDriver.java:180)
	at com.zaxxer.hikari.util.DriverDataSource.getConnection(DriverDataSource.java:144)
	at com.zaxxer.hikari.pool.PoolBase.newConnection(PoolBase.java:370)
	at com.zaxxer.hikari.pool.PoolBase.newPoolEntry(PoolBase.java:207)
	at com.zaxxer.hikari.pool.HikariPool.createPoolEntry(HikariPool.java:488)
	at com.zaxxer.hikari.pool.HikariPool.checkFailFast(HikariPool.java:576)
	at com.zaxxer.hikari.pool.HikariPool.<init>(HikariPool.java:97)
	at com.zaxxer.hikari.HikariDataSource.getConnection(HikariDataSource.java:111)
	at org.hibernate.engine.jdbc.connections.internal.DatasourceConnectionProviderImpl.getConnection(DatasourceConnectionProviderImpl.java:126)
	at org.hibernate.engine.jdbc.env.internal.JdbcEnvironmentInitiator$ConnectionProviderJdbcConnectionAccess.obtainConnection(JdbcEnvironmentInitiator.java:485)
	at org.hibernate.resource.transaction.backend.jdbc.internal.DdlTransactionIsolatorNonJtaImpl.getIsolatedConnection(DdlTransactionIsolatorNonJtaImpl.java:46)
	... 43 common frames omitted
Caused by: com.mysql.cj.exceptions.UnableToConnectException: Public Key Retrieval is not allowed
	at java.base/jdk.internal.reflect.DirectConstructorHandleAccessor.newInstance(DirectConstructorHandleAccessor.java:62)
	at java.base/java.lang.reflect.Constructor.newInstanceWithCaller(Constructor.java:501)
	at java.base/java.lang.reflect.Constructor.newInstance(Constructor.java:485)
	at com.mysql.cj.exceptions.ExceptionFactory.createException(ExceptionFactory.java:52)
	at com.mysql.cj.exceptions.ExceptionFactory.createException(ExceptionFactory.java:76)
	at com.mysql.cj.protocol.a.authentication.CachingSha2PasswordPlugin.nextAuthenticationStep(CachingSha2PasswordPlugin.java:122)
	at com.mysql.cj.protocol.a.authentication.CachingSha2PasswordPlugin.nextAuthenticationStep(CachingSha2PasswordPlugin.java:40)
	at com.mysql.cj.protocol.a.NativeAuthenticationProvider.proceedHandshakeWithPluggableAuthentication(NativeAuthenticationProvider.java:436)
	at com.mysql.cj.protocol.a.NativeAuthenticationProvider.connect(NativeAuthenticationProvider.java:206)
	at com.mysql.cj.protocol.a.NativeProtocol.connect(NativeProtocol.java:1334)
	at com.mysql.cj.NativeSession.connect(NativeSession.java:155)
	at com.mysql.cj.jdbc.ConnectionImpl.connectOneTryOnly(ConnectionImpl.java:964)
	at com.mysql.cj.jdbc.ConnectionImpl.createNewIO(ConnectionImpl.java:828)
	... 56 common frames omitted
2026-05-20 21:40:32 [background-preinit] INFO  o.h.validator.internal.util.Version - HV000001: Hibernate Validator 8.0.3.Final
2026-05-20 21:40:32 [restartedMain] INFO  c.m.l.LostFoundSystemApplication - Starting LostFoundSystemApplication using Java 23.0.2 with PID 18972 (C:\Users\saura\OneDrive\Desktop\Lost and Found System\Backend\target\classes started by saura in C:\Users\saura\OneDrive\Desktop\Lost and Found System\Backend)
2026-05-20 21:40:32 [restartedMain] DEBUG c.m.l.LostFoundSystemApplication - Running with Spring Boot v3.5.11, Spring v6.2.16
2026-05-20 21:40:32 [restartedMain] INFO  c.m.l.LostFoundSystemApplication - No active profile set, falling back to 1 default profile: "default"
2026-05-20 21:40:32 [restartedMain] INFO  o.s.b.d.e.DevToolsPropertyDefaultsPostProcessor - Devtools property defaults active! Set 'spring.devtools.add-properties' to 'false' to disable
2026-05-20 21:40:32 [restartedMain] INFO  o.s.b.d.e.DevToolsPropertyDefaultsPostProcessor - For additional web related logging consider setting the 'logging.level.web' property to 'DEBUG'
2026-05-20 21:40:33 [restartedMain] INFO  o.s.d.r.c.RepositoryConfigurationDelegate - Bootstrapping Spring Data JPA repositories in DEFAULT mode.
2026-05-20 21:40:33 [restartedMain] INFO  o.s.d.r.c.RepositoryConfigurationDelegate - Finished Spring Data repository scanning in 58 ms. Found 2 JPA repository interfaces.
2026-05-20 21:40:34 [restartedMain] INFO  o.s.b.w.e.tomcat.TomcatWebServer - Tomcat initialized with port 8080 (http)
2026-05-20 21:40:34 [restartedMain] INFO  o.a.coyote.http11.Http11NioProtocol - Initializing ProtocolHandler ["http-nio-8080"]
2026-05-20 21:40:34 [restartedMain] INFO  o.a.catalina.core.StandardService - Starting service [Tomcat]
2026-05-20 21:40:34 [restartedMain] INFO  o.a.catalina.core.StandardEngine - Starting Servlet engine: [Apache Tomcat/10.1.52]
2026-05-20 21:40:34 [restartedMain] INFO  o.a.c.c.C.[Tomcat].[localhost].[/] - Initializing Spring embedded WebApplicationContext
2026-05-20 21:40:34 [restartedMain] INFO  o.s.b.w.s.c.ServletWebServerApplicationContext - Root WebApplicationContext: initialization completed in 1306 ms
2026-05-20 21:40:34 [restartedMain] INFO  o.h.jpa.internal.util.LogHelper - HHH000204: Processing PersistenceUnitInfo [name: default]
2026-05-20 21:40:34 [restartedMain] INFO  org.hibernate.Version - HHH000412: Hibernate ORM core version 6.6.42.Final
2026-05-20 21:40:34 [restartedMain] INFO  o.h.c.i.RegionFactoryInitiator - HHH000026: Second-level cache disabled
2026-05-20 21:40:34 [restartedMain] INFO  o.s.o.j.p.SpringPersistenceUnitInfo - No LoadTimeWeaver setup: ignoring JPA class transformer
2026-05-20 21:40:34 [restartedMain] INFO  com.zaxxer.hikari.HikariDataSource - HikariPool-1 - Starting...
2026-05-20 21:40:34 [restartedMain] INFO  com.zaxxer.hikari.pool.HikariPool - HikariPool-1 - Added connection com.mysql.cj.jdbc.ConnectionImpl@68e957f1
2026-05-20 21:40:34 [restartedMain] INFO  com.zaxxer.hikari.HikariDataSource - HikariPool-1 - Start completed.
2026-05-20 21:40:35 [restartedMain] WARN  org.hibernate.orm.deprecation - HHH90000025: MySQL8Dialect does not need to be specified explicitly using 'hibernate.dialect' (remove the property setting and it will be selected by default)
2026-05-20 21:40:35 [restartedMain] WARN  org.hibernate.orm.deprecation - HHH90000026: MySQL8Dialect has been deprecated; use org.hibernate.dialect.MySQLDialect instead
2026-05-20 21:40:35 [restartedMain] INFO  o.hibernate.orm.connections.pooling - HHH10001005: Database info:
	Database JDBC URL [Connecting through datasource 'HikariDataSource (HikariPool-1)']
	Database driver: undefined/unknown
	Database version: 8.0
	Autocommit mode: undefined/unknown
	Isolation level: undefined/unknown
	Minimum pool size: undefined/unknown
	Maximum pool size: undefined/unknown
2026-05-20 21:40:35 [restartedMain] INFO  o.h.e.t.j.p.i.JtaPlatformInitiator - HHH000489: No JTA platform available (set 'hibernate.transaction.jta.platform' to enable JTA platform integration)
2026-05-20 21:40:35 [restartedMain] INFO  o.s.o.j.LocalContainerEntityManagerFactoryBean - Initialized JPA EntityManagerFactory for persistence unit 'default'
2026-05-20 21:40:36 [restartedMain] WARN  o.s.b.a.o.j.JpaBaseConfiguration$JpaWebConfiguration - spring.jpa.open-in-view is enabled by default. Therefore, database queries may be performed during view rendering. Explicitly configure spring.jpa.open-in-view to disable this warning
2026-05-20 21:40:36 [restartedMain] INFO  o.s.b.d.a.OptionalLiveReloadServer - LiveReload server is running on port 35729
2026-05-20 21:40:36 [restartedMain] INFO  o.a.coyote.http11.Http11NioProtocol - Starting ProtocolHandler ["http-nio-8080"]
2026-05-20 21:40:36 [restartedMain] INFO  o.s.b.w.e.tomcat.TomcatWebServer - Tomcat started on port 8080 (http) with context path '/'
2026-05-20 21:40:36 [restartedMain] INFO  c.m.l.LostFoundSystemApplication - Started LostFoundSystemApplication in 4.121 seconds (process running for 4.673)
2026-05-20 21:41:19 [http-nio-8080-exec-2] INFO  o.a.c.c.C.[Tomcat].[localhost].[/] - Initializing Spring DispatcherServlet 'dispatcherServlet'
2026-05-20 21:41:19 [http-nio-8080-exec-2] INFO  o.s.web.servlet.DispatcherServlet - Initializing Servlet 'dispatcherServlet'
2026-05-20 21:41:19 [http-nio-8080-exec-2] INFO  o.s.web.servlet.DispatcherServlet - Completed initialization in 1 ms
2026-05-20 21:41:19 [http-nio-8080-exec-2] INFO  c.m.l.controller.ItemController - Fetching all items
2026-05-20 21:41:19 [http-nio-8080-exec-2] INFO  c.m.l.service.impl.ItemServiceImpl - Fetching items page 0
2026-05-20 21:41:19 [http-nio-8080-exec-2] WARN  o.s.d.w.c.SpringDataJacksonConfiguration$PageModule$WarningLoggingModifier - Serializing PageImpl instances as-is is not supported, meaning that there is no guarantee about the stability of the resulting JSON structure!
	For a stable JSON structure, please use Spring Data's PagedModel (globally via @EnableSpringDataWebSupport(pageSerializationMode = VIA_DTO))
	or Spring HATEOAS and Spring Data's PagedResourcesAssembler as documented in https://docs.spring.io/spring-data/commons/reference/repositories/core-extensions.html#core.web.pageables.

2026-05-20 21:41:19 [http-nio-8080-exec-1] INFO  c.m.l.controller.ItemController - Fetching all items
2026-05-20 21:41:19 [http-nio-8080-exec-1] INFO  c.m.l.service.impl.ItemServiceImpl - Fetching items page 0
2026-05-20 21:41:36 [http-nio-8080-exec-3] INFO  c.m.l.controller.ItemController - Fetching all items
2026-05-20 21:41:36 [http-nio-8080-exec-3] INFO  c.m.l.service.impl.ItemServiceImpl - Fetching items page 0
2026-05-20 21:41:36 [http-nio-8080-exec-8] INFO  c.m.l.controller.ItemController - Fetching all items
2026-05-20 21:41:36 [http-nio-8080-exec-8] INFO  c.m.l.service.impl.ItemServiceImpl - Fetching items page 0
2026-05-20 21:41:37 [http-nio-8080-exec-6] INFO  c.m.l.controller.ItemController - Fetching all items
2026-05-20 21:41:37 [http-nio-8080-exec-6] INFO  c.m.l.service.impl.ItemServiceImpl - Fetching items page 0
2026-05-20 21:41:38 [http-nio-8080-exec-7] INFO  c.m.l.controller.ItemController - Fetching all items
2026-05-20 21:41:38 [http-nio-8080-exec-7] INFO  c.m.l.service.impl.ItemServiceImpl - Fetching items page 0
2026-05-20 21:41:38 [http-nio-8080-exec-5] INFO  c.m.l.controller.ItemController - Fetching all items
2026-05-20 21:41:38 [http-nio-8080-exec-5] INFO  c.m.l.service.impl.ItemServiceImpl - Fetching items page 0
2026-05-20 21:41:39 [http-nio-8080-exec-9] INFO  c.m.l.controller.ItemController - Fetching all items
2026-05-20 21:41:39 [http-nio-8080-exec-9] INFO  c.m.l.service.impl.ItemServiceImpl - Fetching items page 0
2026-05-20 21:41:39 [http-nio-8080-exec-10] INFO  c.m.l.controller.ItemController - Fetching all items
2026-05-20 21:41:39 [http-nio-8080-exec-10] INFO  c.m.l.service.impl.ItemServiceImpl - Fetching items page 0
2026-05-20 21:41:39 [http-nio-8080-exec-2] INFO  c.m.l.controller.ItemController - Fetching all items
2026-05-20 21:41:39 [http-nio-8080-exec-2] INFO  c.m.l.service.impl.ItemServiceImpl - Fetching items page 0
2026-05-20 21:41:40 [http-nio-8080-exec-1] INFO  c.m.l.controller.ItemController - Fetching all items
2026-05-20 21:41:40 [http-nio-8080-exec-1] INFO  c.m.l.service.impl.ItemServiceImpl - Fetching items page 0
2026-05-20 21:41:40 [http-nio-8080-exec-3] INFO  c.m.l.controller.ItemController - Fetching all items
2026-05-20 21:41:40 [http-nio-8080-exec-3] INFO  c.m.l.service.impl.ItemServiceImpl - Fetching items page 0
2026-05-20 21:41:42 [http-nio-8080-exec-8] INFO  c.m.l.controller.ItemController - Fetching item with id: 2
2026-05-20 21:41:42 [http-nio-8080-exec-8] INFO  c.m.l.service.impl.ItemServiceImpl - Getting item id 2
2026-05-20 21:41:42 [http-nio-8080-exec-4] INFO  c.m.l.controller.ItemController - Fetching item with id: 2
2026-05-20 21:41:42 [http-nio-8080-exec-4] INFO  c.m.l.service.impl.ItemServiceImpl - Getting item id 2
2026-05-20 21:41:47 [http-nio-8080-exec-6] INFO  c.m.l.controller.ItemController - Fetching all items
2026-05-20 21:41:47 [http-nio-8080-exec-6] INFO  c.m.l.service.impl.ItemServiceImpl - Fetching items page 0
2026-05-20 21:41:47 [http-nio-8080-exec-7] INFO  c.m.l.controller.ItemController - Fetching all items
2026-05-20 21:41:47 [http-nio-8080-exec-7] INFO  c.m.l.service.impl.ItemServiceImpl - Fetching items page 0
2026-05-20 21:41:57 [SpringApplicationShutdownHook] INFO  o.s.b.w.e.tomcat.GracefulShutdown - Commencing graceful shutdown. Waiting for active requests to complete
2026-05-20 21:41:57 [tomcat-shutdown] INFO  o.s.b.w.e.tomcat.GracefulShutdown - Graceful shutdown complete
2026-05-20 21:41:57 [SpringApplicationShutdownHook] INFO  o.s.o.j.LocalContainerEntityManagerFactoryBean - Closing JPA EntityManagerFactory for persistence unit 'default'
2026-05-20 21:41:57 [SpringApplicationShutdownHook] INFO  com.zaxxer.hikari.HikariDataSource - HikariPool-1 - Shutdown initiated...
2026-05-20 21:41:57 [SpringApplicationShutdownHook] INFO  com.zaxxer.hikari.HikariDataSource - HikariPool-1 - Shutdown completed.
2026-05-20 21:47:40 [background-preinit] INFO  o.h.validator.internal.util.Version - HV000001: Hibernate Validator 8.0.3.Final
2026-05-20 21:47:40 [restartedMain] INFO  c.m.l.LostFoundSystemApplication - Starting LostFoundSystemApplication using Java 23.0.2 with PID 18440 (C:\Users\saura\OneDrive\Desktop\Lost and Found System\Backend\target\classes started by saura in C:\Users\saura\OneDrive\Desktop\Lost and Found System\Backend)
2026-05-20 21:47:40 [restartedMain] DEBUG c.m.l.LostFoundSystemApplication - Running with Spring Boot v3.5.11, Spring v6.2.16
2026-05-20 21:47:40 [restartedMain] INFO  c.m.l.LostFoundSystemApplication - No active profile set, falling back to 1 default profile: "default"
2026-05-20 21:47:40 [restartedMain] INFO  o.s.b.d.e.DevToolsPropertyDefaultsPostProcessor - Devtools property defaults active! Set 'spring.devtools.add-properties' to 'false' to disable
2026-05-20 21:47:40 [restartedMain] INFO  o.s.b.d.e.DevToolsPropertyDefaultsPostProcessor - For additional web related logging consider setting the 'logging.level.web' property to 'DEBUG'
2026-05-20 21:47:41 [restartedMain] INFO  o.s.d.r.c.RepositoryConfigurationDelegate - Bootstrapping Spring Data JPA repositories in DEFAULT mode.
2026-05-20 21:47:41 [restartedMain] INFO  o.s.d.r.c.RepositoryConfigurationDelegate - Finished Spring Data repository scanning in 66 ms. Found 2 JPA repository interfaces.
2026-05-20 21:47:42 [restartedMain] INFO  o.s.b.w.e.tomcat.TomcatWebServer - Tomcat initialized with port 8080 (http)
2026-05-20 21:47:42 [restartedMain] INFO  o.a.coyote.http11.Http11NioProtocol - Initializing ProtocolHandler ["http-nio-8080"]
2026-05-20 21:47:42 [restartedMain] INFO  o.a.catalina.core.StandardService - Starting service [Tomcat]
2026-05-20 21:47:42 [restartedMain] INFO  o.a.catalina.core.StandardEngine - Starting Servlet engine: [Apache Tomcat/10.1.52]
2026-05-20 21:47:42 [restartedMain] INFO  o.a.c.c.C.[Tomcat].[localhost].[/] - Initializing Spring embedded WebApplicationContext
2026-05-20 21:47:42 [restartedMain] INFO  o.s.b.w.s.c.ServletWebServerApplicationContext - Root WebApplicationContext: initialization completed in 1496 ms
2026-05-20 21:47:42 [restartedMain] INFO  o.h.jpa.internal.util.LogHelper - HHH000204: Processing PersistenceUnitInfo [name: default]
2026-05-20 21:47:42 [restartedMain] INFO  org.hibernate.Version - HHH000412: Hibernate ORM core version 6.6.42.Final
2026-05-20 21:47:42 [restartedMain] INFO  o.h.c.i.RegionFactoryInitiator - HHH000026: Second-level cache disabled
2026-05-20 21:47:44 [restartedMain] INFO  o.s.o.j.p.SpringPersistenceUnitInfo - No LoadTimeWeaver setup: ignoring JPA class transformer
2026-05-20 21:47:44 [restartedMain] INFO  com.zaxxer.hikari.HikariDataSource - HikariPool-1 - Starting...
2026-05-20 21:47:44 [restartedMain] INFO  com.zaxxer.hikari.pool.HikariPool - HikariPool-1 - Added connection com.mysql.cj.jdbc.ConnectionImpl@24985c39
2026-05-20 21:47:44 [restartedMain] INFO  com.zaxxer.hikari.HikariDataSource - HikariPool-1 - Start completed.
2026-05-20 21:47:44 [restartedMain] WARN  org.hibernate.orm.deprecation - HHH90000025: MySQL8Dialect does not need to be specified explicitly using 'hibernate.dialect' (remove the property setting and it will be selected by default)
2026-05-20 21:47:44 [restartedMain] WARN  org.hibernate.orm.deprecation - HHH90000026: MySQL8Dialect has been deprecated; use org.hibernate.dialect.MySQLDialect instead
2026-05-20 21:47:44 [restartedMain] INFO  o.hibernate.orm.connections.pooling - HHH10001005: Database info:
	Database JDBC URL [Connecting through datasource 'HikariDataSource (HikariPool-1)']
	Database driver: undefined/unknown
	Database version: 8.0
	Autocommit mode: undefined/unknown
	Isolation level: undefined/unknown
	Minimum pool size: undefined/unknown
	Maximum pool size: undefined/unknown
2026-05-20 21:47:46 [restartedMain] INFO  o.h.e.t.j.p.i.JtaPlatformInitiator - HHH000489: No JTA platform available (set 'hibernate.transaction.jta.platform' to enable JTA platform integration)
2026-05-20 21:47:46 [restartedMain] INFO  o.s.o.j.LocalContainerEntityManagerFactoryBean - Initialized JPA EntityManagerFactory for persistence unit 'default'
2026-05-20 21:47:47 [restartedMain] WARN  o.s.b.a.o.j.JpaBaseConfiguration$JpaWebConfiguration - spring.jpa.open-in-view is enabled by default. Therefore, database queries may be performed during view rendering. Explicitly configure spring.jpa.open-in-view to disable this warning
2026-05-20 21:47:47 [restartedMain] INFO  o.s.b.d.a.OptionalLiveReloadServer - LiveReload server is running on port 35729
2026-05-20 21:47:47 [restartedMain] INFO  o.a.coyote.http11.Http11NioProtocol - Starting ProtocolHandler ["http-nio-8080"]
2026-05-20 21:47:47 [restartedMain] INFO  o.s.b.w.e.tomcat.TomcatWebServer - Tomcat started on port 8080 (http) with context path '/'
2026-05-20 21:47:47 [restartedMain] INFO  c.m.l.LostFoundSystemApplication - Started LostFoundSystemApplication in 7.599 seconds (process running for 8.171)
2026-05-20 21:48:11 [http-nio-8080-exec-1] INFO  o.a.c.c.C.[Tomcat].[localhost].[/] - Initializing Spring DispatcherServlet 'dispatcherServlet'
2026-05-20 21:48:11 [http-nio-8080-exec-1] INFO  o.s.web.servlet.DispatcherServlet - Initializing Servlet 'dispatcherServlet'
2026-05-20 21:48:11 [http-nio-8080-exec-1] INFO  o.s.web.servlet.DispatcherServlet - Completed initialization in 3 ms
2026-05-20 21:48:11 [http-nio-8080-exec-1] INFO  c.m.l.controller.ItemController - Fetching all items
2026-05-20 21:48:11 [http-nio-8080-exec-1] INFO  c.m.l.service.impl.ItemServiceImpl - Fetching items page 0
2026-05-20 21:48:12 [http-nio-8080-exec-1] WARN  o.s.d.w.c.SpringDataJacksonConfiguration$PageModule$WarningLoggingModifier - Serializing PageImpl instances as-is is not supported, meaning that there is no guarantee about the stability of the resulting JSON structure!
	For a stable JSON structure, please use Spring Data's PagedModel (globally via @EnableSpringDataWebSupport(pageSerializationMode = VIA_DTO))
	or Spring HATEOAS and Spring Data's PagedResourcesAssembler as documented in https://docs.spring.io/spring-data/commons/reference/repositories/core-extensions.html#core.web.pageables.

2026-05-20 21:48:12 [http-nio-8080-exec-1] INFO  c.m.l.controller.ItemController - Fetching all items
2026-05-20 21:48:12 [http-nio-8080-exec-1] INFO  c.m.l.service.impl.ItemServiceImpl - Fetching items page 0
2026-05-20 21:48:16 [http-nio-8080-exec-2] INFO  c.m.l.controller.ItemController - Fetching all items
2026-05-20 21:48:16 [http-nio-8080-exec-2] INFO  c.m.l.service.impl.ItemServiceImpl - Fetching items page 0
2026-05-20 21:48:16 [http-nio-8080-exec-3] INFO  c.m.l.controller.ItemController - Fetching all items
2026-05-20 21:48:16 [http-nio-8080-exec-3] INFO  c.m.l.service.impl.ItemServiceImpl - Fetching items page 0
2026-05-20 21:48:16 [http-nio-8080-exec-4] INFO  c.m.l.controller.ItemController - Fetching all items
2026-05-20 21:48:16 [http-nio-8080-exec-4] INFO  c.m.l.service.impl.ItemServiceImpl - Fetching items page 0
2026-05-20 21:48:23 [http-nio-8080-exec-5] INFO  c.m.l.controller.ItemController - Fetching all items
2026-05-20 21:48:23 [http-nio-8080-exec-5] INFO  c.m.l.service.impl.ItemServiceImpl - Fetching items page 0
2026-05-20 21:48:23 [http-nio-8080-exec-6] INFO  c.m.l.controller.ItemController - Fetching all items
2026-05-20 21:48:23 [http-nio-8080-exec-6] INFO  c.m.l.service.impl.ItemServiceImpl - Fetching items page 0
2026-05-20 21:48:23 [http-nio-8080-exec-7] INFO  c.m.l.controller.ItemController - Fetching all items
2026-05-20 21:48:23 [http-nio-8080-exec-7] INFO  c.m.l.service.impl.ItemServiceImpl - Fetching items page 0
2026-05-20 21:48:26 [http-nio-8080-exec-8] INFO  c.m.l.controller.ItemController - Fetching all items
2026-05-20 21:48:26 [http-nio-8080-exec-8] INFO  c.m.l.service.impl.ItemServiceImpl - Fetching items page 0
2026-05-20 21:48:26 [http-nio-8080-exec-9] INFO  c.m.l.controller.ItemController - Fetching all items
2026-05-20 21:48:26 [http-nio-8080-exec-9] INFO  c.m.l.service.impl.ItemServiceImpl - Fetching items page 0
2026-05-20 21:48:26 [http-nio-8080-exec-10] INFO  c.m.l.controller.ItemController - Fetching all items
2026-05-20 21:48:26 [http-nio-8080-exec-10] INFO  c.m.l.service.impl.ItemServiceImpl - Fetching items page 0
2026-05-20 21:48:27 [http-nio-8080-exec-1] INFO  c.m.l.controller.ItemController - Fetching all items
2026-05-20 21:48:27 [http-nio-8080-exec-1] INFO  c.m.l.service.impl.ItemServiceImpl - Fetching items page 0
2026-05-20 21:48:27 [http-nio-8080-exec-2] INFO  c.m.l.controller.ItemController - Fetching all items
2026-05-20 21:48:27 [http-nio-8080-exec-2] INFO  c.m.l.service.impl.ItemServiceImpl - Fetching items page 0
2026-05-20 21:48:35 [http-nio-8080-exec-3] INFO  c.m.l.controller.UserController - User login attempt: newuser12345@gmail.com
2026-05-20 21:48:35 [http-nio-8080-exec-3] WARN  o.s.w.s.m.m.a.ExceptionHandlerExceptionResolver - Resolved [com.my.lostfound.exception.ResourceNotFoundException: User not found]
2026-05-20 21:48:47 [http-nio-8080-exec-4] INFO  c.m.l.controller.UserController - User login attempt: test1@admin.com
2026-05-20 21:48:47 [http-nio-8080-exec-4] WARN  o.s.w.s.m.m.a.ExceptionHandlerExceptionResolver - Resolved [com.my.lostfound.exception.ResourceNotFoundException: User not found]
2026-05-20 21:48:54 [http-nio-8080-exec-5] INFO  c.m.l.controller.UserController - User login attempt: saurabh86453@gmail.com
2026-05-20 21:48:54 [http-nio-8080-exec-6] INFO  c.m.l.controller.ItemController - Fetching all items
2026-05-20 21:48:54 [http-nio-8080-exec-6] INFO  c.m.l.service.impl.ItemServiceImpl - Fetching items page 0
2026-05-20 21:48:54 [http-nio-8080-exec-7] INFO  c.m.l.controller.ItemController - Fetching all items
2026-05-20 21:48:54 [http-nio-8080-exec-7] INFO  c.m.l.service.impl.ItemServiceImpl - Fetching items page 0
2026-05-20 21:48:59 [http-nio-8080-exec-8] INFO  c.m.l.controller.ItemController - Fetching item with id: 2
2026-05-20 21:48:59 [http-nio-8080-exec-8] INFO  c.m.l.service.impl.ItemServiceImpl - Getting item id 2
2026-05-20 21:48:59 [http-nio-8080-exec-9] INFO  c.m.l.controller.ItemController - Fetching item with id: 2
2026-05-20 21:48:59 [http-nio-8080-exec-9] INFO  c.m.l.service.impl.ItemServiceImpl - Getting item id 2
2026-05-20 21:49:03 [http-nio-8080-exec-1] INFO  c.m.l.controller.ItemController - Deleting item id: 2
2026-05-20 21:49:03 [http-nio-8080-exec-1] INFO  c.m.l.service.impl.ItemServiceImpl - Soft deleting item id 2
2026-05-20 21:49:05 [http-nio-8080-exec-2] INFO  c.m.l.controller.ItemController - Fetching all items
2026-05-20 21:49:05 [http-nio-8080-exec-2] INFO  c.m.l.service.impl.ItemServiceImpl - Fetching items page 0
2026-05-20 21:49:05 [http-nio-8080-exec-3] INFO  c.m.l.controller.ItemController - Fetching all items
2026-05-20 21:49:05 [http-nio-8080-exec-3] INFO  c.m.l.service.impl.ItemServiceImpl - Fetching items page 0
2026-05-20 21:49:06 [http-nio-8080-exec-4] INFO  c.m.l.controller.ItemController - Fetching item with id: 1
2026-05-20 21:49:06 [http-nio-8080-exec-4] INFO  c.m.l.service.impl.ItemServiceImpl - Getting item id 1
2026-05-20 21:49:06 [http-nio-8080-exec-5] INFO  c.m.l.controller.ItemController - Fetching item with id: 1
2026-05-20 21:49:06 [http-nio-8080-exec-5] INFO  c.m.l.service.impl.ItemServiceImpl - Getting item id 1
2026-05-20 21:49:11 [http-nio-8080-exec-7] INFO  c.m.l.controller.ItemController - Deleting item id: 1
2026-05-20 21:49:11 [http-nio-8080-exec-7] INFO  c.m.l.service.impl.ItemServiceImpl - Soft deleting item id 1
2026-05-20 21:49:12 [http-nio-8080-exec-8] INFO  c.m.l.controller.ItemController - Fetching all items
2026-05-20 21:49:12 [http-nio-8080-exec-8] INFO  c.m.l.service.impl.ItemServiceImpl - Fetching items page 0
2026-05-20 21:49:12 [http-nio-8080-exec-9] INFO  c.m.l.controller.ItemController - Fetching all items
2026-05-20 21:49:12 [http-nio-8080-exec-9] INFO  c.m.l.service.impl.ItemServiceImpl - Fetching items page 0
2026-05-20 21:49:22 [http-nio-8080-exec-10] INFO  c.m.l.controller.ItemController - Fetching all items
2026-05-20 21:49:22 [http-nio-8080-exec-10] INFO  c.m.l.service.impl.ItemServiceImpl - Fetching items page 0
2026-05-20 21:49:22 [http-nio-8080-exec-1] INFO  c.m.l.controller.ItemController - Fetching all items
2026-05-20 21:49:22 [http-nio-8080-exec-1] INFO  c.m.l.service.impl.ItemServiceImpl - Fetching items page 0
2026-05-20 21:49:22 [http-nio-8080-exec-2] INFO  c.m.l.controller.ItemController - Fetching all items
2026-05-20 21:49:22 [http-nio-8080-exec-2] INFO  c.m.l.service.impl.ItemServiceImpl - Fetching items page 0
2026-05-20 21:49:23 [http-nio-8080-exec-3] INFO  c.m.l.controller.ItemController - Fetching all items
2026-05-20 21:49:23 [http-nio-8080-exec-3] INFO  c.m.l.service.impl.ItemServiceImpl - Fetching items page 0
2026-05-20 21:49:23 [http-nio-8080-exec-4] INFO  c.m.l.controller.ItemController - Fetching all items
2026-05-20 21:49:23 [http-nio-8080-exec-4] INFO  c.m.l.service.impl.ItemServiceImpl - Fetching items page 0
2026-05-20 21:49:48 [http-nio-8080-exec-6] INFO  c.m.l.controller.UserController - Registering user: saurabh86453@gmail.com
2026-05-20 21:49:48 [http-nio-8080-exec-6] WARN  o.s.w.s.m.m.a.ExceptionHandlerExceptionResolver - Resolved [com.my.lostfound.exception.BadRequestException: Email already exists]
2026-05-20 21:52:39 [SpringApplicationShutdownHook] INFO  o.s.b.w.e.tomcat.GracefulShutdown - Commencing graceful shutdown. Waiting for active requests to complete
2026-05-20 21:52:39 [tomcat-shutdown] INFO  o.s.b.w.e.tomcat.GracefulShutdown - Graceful shutdown complete
2026-05-20 21:52:39 [SpringApplicationShutdownHook] INFO  o.s.o.j.LocalContainerEntityManagerFactoryBean - Closing JPA EntityManagerFactory for persistence unit 'default'
2026-05-20 21:52:39 [SpringApplicationShutdownHook] INFO  com.zaxxer.hikari.HikariDataSource - HikariPool-1 - Shutdown initiated...
2026-05-20 21:52:39 [SpringApplicationShutdownHook] INFO  com.zaxxer.hikari.HikariDataSource - HikariPool-1 - Shutdown completed.
2026-05-20 21:52:43 [background-preinit] INFO  o.h.validator.internal.util.Version - HV000001: Hibernate Validator 8.0.3.Final
2026-05-20 21:52:43 [restartedMain] INFO  c.m.l.LostFoundSystemApplication - Starting LostFoundSystemApplication using Java 23.0.2 with PID 22520 (C:\Users\saura\OneDrive\Desktop\Lost and Found System\Backend\target\classes started by saura in C:\Users\saura\OneDrive\Desktop\Lost and Found System\Backend)
2026-05-20 21:52:43 [restartedMain] DEBUG c.m.l.LostFoundSystemApplication - Running with Spring Boot v3.5.11, Spring v6.2.16
2026-05-20 21:52:43 [restartedMain] INFO  c.m.l.LostFoundSystemApplication - No active profile set, falling back to 1 default profile: "default"
2026-05-20 21:52:43 [restartedMain] INFO  o.s.b.d.e.DevToolsPropertyDefaultsPostProcessor - Devtools property defaults active! Set 'spring.devtools.add-properties' to 'false' to disable
2026-05-20 21:52:43 [restartedMain] INFO  o.s.b.d.e.DevToolsPropertyDefaultsPostProcessor - For additional web related logging consider setting the 'logging.level.web' property to 'DEBUG'
2026-05-20 21:52:43 [restartedMain] INFO  o.s.d.r.c.RepositoryConfigurationDelegate - Bootstrapping Spring Data JPA repositories in DEFAULT mode.
2026-05-20 21:52:43 [restartedMain] INFO  o.s.d.r.c.RepositoryConfigurationDelegate - Finished Spring Data repository scanning in 61 ms. Found 2 JPA repository interfaces.
2026-05-20 21:52:44 [restartedMain] INFO  o.s.b.w.e.tomcat.TomcatWebServer - Tomcat initialized with port 8080 (http)
2026-05-20 21:52:44 [restartedMain] INFO  o.a.coyote.http11.Http11NioProtocol - Initializing ProtocolHandler ["http-nio-8080"]
2026-05-20 21:52:44 [restartedMain] INFO  o.a.catalina.core.StandardService - Starting service [Tomcat]
2026-05-20 21:52:44 [restartedMain] INFO  o.a.catalina.core.StandardEngine - Starting Servlet engine: [Apache Tomcat/10.1.52]
2026-05-20 21:52:44 [restartedMain] INFO  o.a.c.c.C.[Tomcat].[localhost].[/] - Initializing Spring embedded WebApplicationContext
2026-05-20 21:52:44 [restartedMain] INFO  o.s.b.w.s.c.ServletWebServerApplicationContext - Root WebApplicationContext: initialization completed in 1304 ms
2026-05-20 21:52:44 [restartedMain] INFO  o.h.jpa.internal.util.LogHelper - HHH000204: Processing PersistenceUnitInfo [name: default]
2026-05-20 21:52:44 [restartedMain] INFO  org.hibernate.Version - HHH000412: Hibernate ORM core version 6.6.42.Final
2026-05-20 21:52:44 [restartedMain] INFO  o.h.c.i.RegionFactoryInitiator - HHH000026: Second-level cache disabled
2026-05-20 21:52:45 [restartedMain] INFO  o.s.o.j.p.SpringPersistenceUnitInfo - No LoadTimeWeaver setup: ignoring JPA class transformer
2026-05-20 21:52:45 [restartedMain] INFO  com.zaxxer.hikari.HikariDataSource - HikariPool-1 - Starting...
2026-05-20 21:52:45 [restartedMain] INFO  com.zaxxer.hikari.pool.HikariPool - HikariPool-1 - Added connection com.mysql.cj.jdbc.ConnectionImpl@225f0696
2026-05-20 21:52:45 [restartedMain] INFO  com.zaxxer.hikari.HikariDataSource - HikariPool-1 - Start completed.
2026-05-20 21:52:45 [restartedMain] WARN  org.hibernate.orm.deprecation - HHH90000025: MySQL8Dialect does not need to be specified explicitly using 'hibernate.dialect' (remove the property setting and it will be selected by default)
2026-05-20 21:52:45 [restartedMain] WARN  org.hibernate.orm.deprecation - HHH90000026: MySQL8Dialect has been deprecated; use org.hibernate.dialect.MySQLDialect instead
2026-05-20 21:52:45 [restartedMain] INFO  o.hibernate.orm.connections.pooling - HHH10001005: Database info:
	Database JDBC URL [Connecting through datasource 'HikariDataSource (HikariPool-1)']
	Database driver: undefined/unknown
	Database version: 8.0
	Autocommit mode: undefined/unknown
	Isolation level: undefined/unknown
	Minimum pool size: undefined/unknown
	Maximum pool size: undefined/unknown
2026-05-20 21:52:46 [restartedMain] INFO  o.h.e.t.j.p.i.JtaPlatformInitiator - HHH000489: No JTA platform available (set 'hibernate.transaction.jta.platform' to enable JTA platform integration)
2026-05-20 21:52:47 [restartedMain] INFO  o.s.o.j.LocalContainerEntityManagerFactoryBean - Initialized JPA EntityManagerFactory for persistence unit 'default'
2026-05-20 21:52:48 [restartedMain] WARN  o.s.b.a.o.j.JpaBaseConfiguration$JpaWebConfiguration - spring.jpa.open-in-view is enabled by default. Therefore, database queries may be performed during view rendering. Explicitly configure spring.jpa.open-in-view to disable this warning
2026-05-20 21:52:48 [restartedMain] INFO  o.s.b.d.a.OptionalLiveReloadServer - LiveReload server is running on port 35729
2026-05-20 21:52:49 [restartedMain] INFO  o.a.coyote.http11.Http11NioProtocol - Starting ProtocolHandler ["http-nio-8080"]
2026-05-20 21:52:49 [restartedMain] INFO  o.s.b.w.e.tomcat.TomcatWebServer - Tomcat started on port 8080 (http) with context path '/'
2026-05-20 21:52:49 [restartedMain] INFO  c.m.l.LostFoundSystemApplication - Started LostFoundSystemApplication in 6.825 seconds (process running for 7.39)
2026-05-20 21:52:55 [http-nio-8080-exec-1] INFO  o.a.c.c.C.[Tomcat].[localhost].[/] - Initializing Spring DispatcherServlet 'dispatcherServlet'
2026-05-20 21:52:55 [http-nio-8080-exec-1] INFO  o.s.web.servlet.DispatcherServlet - Initializing Servlet 'dispatcherServlet'
2026-05-20 21:52:55 [http-nio-8080-exec-1] INFO  o.s.web.servlet.DispatcherServlet - Completed initialization in 3 ms
2026-05-20 21:52:55 [http-nio-8080-exec-1] INFO  c.m.l.controller.ItemController - Fetching all items
2026-05-20 21:52:55 [http-nio-8080-exec-1] INFO  c.m.l.service.impl.ItemServiceImpl - Fetching items page 0
2026-05-20 21:52:56 [http-nio-8080-exec-1] WARN  o.s.d.w.c.SpringDataJacksonConfiguration$PageModule$WarningLoggingModifier - Serializing PageImpl instances as-is is not supported, meaning that there is no guarantee about the stability of the resulting JSON structure!
	For a stable JSON structure, please use Spring Data's PagedModel (globally via @EnableSpringDataWebSupport(pageSerializationMode = VIA_DTO))
	or Spring HATEOAS and Spring Data's PagedResourcesAssembler as documented in https://docs.spring.io/spring-data/commons/reference/repositories/core-extensions.html#core.web.pageables.

2026-05-20 21:52:56 [http-nio-8080-exec-2] INFO  c.m.l.controller.ItemController - Fetching all items
2026-05-20 21:52:56 [http-nio-8080-exec-2] INFO  c.m.l.service.impl.ItemServiceImpl - Fetching items page 0
2026-05-20 21:52:56 [http-nio-8080-exec-3] INFO  c.m.l.controller.ItemController - Fetching all items
2026-05-20 21:52:56 [http-nio-8080-exec-3] INFO  c.m.l.service.impl.ItemServiceImpl - Fetching items page 0
2026-05-20 21:52:56 [http-nio-8080-exec-4] INFO  c.m.l.controller.ItemController - Fetching all items
2026-05-20 21:52:56 [http-nio-8080-exec-4] INFO  c.m.l.service.impl.ItemServiceImpl - Fetching items page 0
2026-05-20 21:53:06 [http-nio-8080-exec-5] INFO  c.m.l.controller.UserController - Registering user: saurabh86453@gmail.com
2026-05-20 21:53:15 [http-nio-8080-exec-6] INFO  c.m.l.controller.UserController - User login attempt: saurabh86453@gmail.com
2026-05-20 21:53:15 [http-nio-8080-exec-7] INFO  c.m.l.controller.ItemController - Fetching all items
2026-05-20 21:53:15 [http-nio-8080-exec-7] INFO  c.m.l.service.impl.ItemServiceImpl - Fetching items page 0
2026-05-20 21:53:15 [http-nio-8080-exec-8] INFO  c.m.l.controller.ItemController - Fetching all items
2026-05-20 21:53:15 [http-nio-8080-exec-8] INFO  c.m.l.service.impl.ItemServiceImpl - Fetching items page 0
2026-05-20 21:53:54 [http-nio-8080-exec-10] INFO  c.m.l.controller.ItemController - Creating new item
2026-05-20 21:53:54 [http-nio-8080-exec-10] INFO  c.m.l.service.impl.ItemServiceImpl - Creating item: car keys
2026-05-20 21:53:56 [http-nio-8080-exec-1] INFO  c.m.l.controller.ItemController - Fetching all items
2026-05-20 21:53:56 [http-nio-8080-exec-1] INFO  c.m.l.service.impl.ItemServiceImpl - Fetching items page 0
2026-05-20 21:53:56 [http-nio-8080-exec-2] INFO  c.m.l.controller.ItemController - Fetching all items
2026-05-20 21:53:56 [http-nio-8080-exec-2] INFO  c.m.l.service.impl.ItemServiceImpl - Fetching items page 0
2026-05-20 21:54:02 [http-nio-8080-exec-4] INFO  c.m.l.controller.ItemController - Fetching item with id: 1
2026-05-20 21:54:02 [http-nio-8080-exec-4] INFO  c.m.l.service.impl.ItemServiceImpl - Getting item id 1
2026-05-20 21:54:02 [http-nio-8080-exec-5] INFO  c.m.l.controller.ItemController - Fetching item with id: 1
2026-05-20 21:54:02 [http-nio-8080-exec-5] INFO  c.m.l.service.impl.ItemServiceImpl - Getting item id 1
2026-05-20 21:54:04 [http-nio-8080-exec-6] INFO  c.m.l.controller.ItemController - Updating item id: 1
2026-05-20 21:54:04 [http-nio-8080-exec-6] INFO  c.m.l.service.impl.ItemServiceImpl - Updating item id 1
2026-05-20 21:54:08 [http-nio-8080-exec-7] INFO  c.m.l.controller.ItemController - Fetching all items
2026-05-20 21:54:08 [http-nio-8080-exec-7] INFO  c.m.l.service.impl.ItemServiceImpl - Fetching items page 0
2026-05-20 21:54:08 [http-nio-8080-exec-8] INFO  c.m.l.controller.ItemController - Fetching all items
2026-05-20 21:54:08 [http-nio-8080-exec-8] INFO  c.m.l.service.impl.ItemServiceImpl - Fetching items page 0
2026-05-20 21:54:09 [http-nio-8080-exec-9] INFO  c.m.l.controller.ItemController - Fetching all items
2026-05-20 21:54:09 [http-nio-8080-exec-9] INFO  c.m.l.service.impl.ItemServiceImpl - Fetching items page 0
2026-05-20 21:54:17 [http-nio-8080-exec-10] INFO  c.m.l.controller.ItemController - Fetching all items
2026-05-20 21:54:17 [http-nio-8080-exec-10] INFO  c.m.l.service.impl.ItemServiceImpl - Fetching items page 0
2026-05-20 21:54:17 [http-nio-8080-exec-1] INFO  c.m.l.controller.ItemController - Fetching all items
2026-05-20 21:54:17 [http-nio-8080-exec-1] INFO  c.m.l.service.impl.ItemServiceImpl - Fetching items page 0
2026-05-20 21:54:20 [http-nio-8080-exec-2] INFO  c.m.l.controller.ItemController - Fetching all items
2026-05-20 21:54:20 [http-nio-8080-exec-2] INFO  c.m.l.service.impl.ItemServiceImpl - Fetching items page 0
2026-05-20 21:54:20 [http-nio-8080-exec-3] INFO  c.m.l.controller.ItemController - Fetching all items
2026-05-20 21:54:20 [http-nio-8080-exec-3] INFO  c.m.l.service.impl.ItemServiceImpl - Fetching items page 0
2026-05-20 21:54:20 [http-nio-8080-exec-4] INFO  c.m.l.controller.ItemController - Fetching all items
2026-05-20 21:54:20 [http-nio-8080-exec-4] INFO  c.m.l.service.impl.ItemServiceImpl - Fetching items page 0
2026-05-20 21:54:21 [http-nio-8080-exec-5] INFO  c.m.l.controller.ItemController - Fetching all items
2026-05-20 21:54:21 [http-nio-8080-exec-5] INFO  c.m.l.service.impl.ItemServiceImpl - Fetching items page 0
2026-05-20 21:54:21 [http-nio-8080-exec-5] INFO  c.m.l.controller.ItemController - Fetching all items
2026-05-20 21:54:21 [http-nio-8080-exec-5] INFO  c.m.l.service.impl.ItemServiceImpl - Fetching items page 0
2026-05-20 21:54:27 [http-nio-8080-exec-6] INFO  c.m.l.controller.ItemController - Fetching all items
2026-05-20 21:54:27 [http-nio-8080-exec-6] INFO  c.m.l.service.impl.ItemServiceImpl - Fetching items page 0
2026-05-20 21:54:27 [http-nio-8080-exec-7] INFO  c.m.l.controller.ItemController - Fetching all items
2026-05-20 21:54:27 [http-nio-8080-exec-7] INFO  c.m.l.service.impl.ItemServiceImpl - Fetching items page 0
2026-05-20 21:54:27 [http-nio-8080-exec-8] INFO  c.m.l.controller.ItemController - Fetching all items
2026-05-20 21:54:27 [http-nio-8080-exec-8] INFO  c.m.l.service.impl.ItemServiceImpl - Fetching items page 0
2026-05-20 21:54:27 [http-nio-8080-exec-9] INFO  c.m.l.controller.ItemController - Fetching all items
2026-05-20 21:54:27 [http-nio-8080-exec-9] INFO  c.m.l.service.impl.ItemServiceImpl - Fetching items page 0
2026-05-20 21:54:27 [http-nio-8080-exec-10] INFO  c.m.l.controller.ItemController - Fetching all items
2026-05-20 21:54:27 [http-nio-8080-exec-10] INFO  c.m.l.service.impl.ItemServiceImpl - Fetching items page 0
2026-05-20 21:54:33 [http-nio-8080-exec-1] INFO  c.m.l.controller.ItemController - Fetching item with id: 1
2026-05-20 21:54:33 [http-nio-8080-exec-1] INFO  c.m.l.service.impl.ItemServiceImpl - Getting item id 1
2026-05-20 21:54:33 [http-nio-8080-exec-2] INFO  c.m.l.controller.ItemController - Fetching item with id: 1
2026-05-20 21:54:33 [http-nio-8080-exec-2] INFO  c.m.l.service.impl.ItemServiceImpl - Getting item id 1
2026-05-20 21:54:43 [SpringApplicationShutdownHook] INFO  o.s.b.w.e.tomcat.GracefulShutdown - Commencing graceful shutdown. Waiting for active requests to complete
2026-05-20 21:54:43 [tomcat-shutdown] INFO  o.s.b.w.e.tomcat.GracefulShutdown - Graceful shutdown complete
2026-05-20 21:54:43 [SpringApplicationShutdownHook] INFO  o.s.o.j.LocalContainerEntityManagerFactoryBean - Closing JPA EntityManagerFactory for persistence unit 'default'
2026-05-20 21:54:43 [SpringApplicationShutdownHook] INFO  com.zaxxer.hikari.HikariDataSource - HikariPool-1 - Shutdown initiated...
2026-05-20 21:54:43 [SpringApplicationShutdownHook] INFO  com.zaxxer.hikari.HikariDataSource - HikariPool-1 - Shutdown completed.
